Epoch: 1	Time: 161.5819	Loss: 0.3021	LearningRate 0.000133
Epoch: 2	Time: 145.0257	Loss: 0.2624	LearningRate 0.000200
Epoch: 3	Time: 146.1197	Loss: 0.2247	LearningRate 0.000200
Epoch: 4	Time: 147.1055	Loss: 0.2163	LearningRate 0.000200
Epoch: 5	Time: 147.3120	Loss: 0.2114	LearningRate 0.000200
Epoch: 6	Time: 147.1306	Loss: 0.2078	LearningRate 0.000199
Epoch: 7	Time: 146.7837	Loss: 0.2059	LearningRate 0.000199
Epoch: 8	Time: 147.0474	Loss: 0.2042	LearningRate 0.000198
Epoch: 9	Time: 147.6914	Loss: 0.2030	LearningRate 0.000198
Epoch: 10	Time: 146.8123	Loss: 0.2021	LearningRate 0.000197
Epoch: 11	Time: 146.4396	Loss: 0.2005	LearningRate 0.000196
Epoch: 12	Time: 147.3648	Loss: 0.1988	LearningRate 0.000195
Epoch: 13	Time: 147.5989	Loss: 0.1977	LearningRate 0.000194
Epoch: 14	Time: 147.1841	Loss: 0.1966	LearningRate 0.000193
Epoch: 15	Time: 147.0754	Loss: 0.1953	LearningRate 0.000191
Epoch: 16	Time: 147.0476	Loss: 0.1943	LearningRate 0.000190
Epoch: 17	Time: 147.5497	Loss: 0.1934	LearningRate 0.000189
Epoch: 18	Time: 147.6115	Loss: 0.1929	LearningRate 0.000187
Epoch: 19	Time: 146.8172	Loss: 0.1921	LearningRate 0.000185
Epoch: 20	Time: 147.4396	Loss: 0.1920	LearningRate 0.000184
Epoch: 21	Time: 147.3090	Loss: 0.1913	LearningRate 0.000182
Epoch: 22	Time: 147.0297	Loss: 0.1905	LearningRate 0.000180
Epoch: 23	Time: 146.9845	Loss: 0.1904	LearningRate 0.000178
Epoch: 24	Time: 147.0488	Loss: 0.1896	LearningRate 0.000176
Epoch: 25	Time: 147.5201	Loss: 0.1896	LearningRate 0.000174
Epoch: 26	Time: 146.9102	Loss: 0.1894	LearningRate 0.000172
Epoch: 27	Time: 146.5268	Loss: 0.1887	LearningRate 0.000169
Epoch: 28	Time: 147.5274	Loss: 0.1883	LearningRate 0.000167
Epoch: 29	Time: 147.5478	Loss: 0.1878	LearningRate 0.000164
Epoch: 30	Time: 147.0793	Loss: 0.1874	LearningRate 0.000162
Epoch: 31	Time: 146.9643	Loss: 0.1871	LearningRate 0.000159
Epoch: 32	Time: 146.8419	Loss: 0.1867	LearningRate 0.000157
Epoch: 33	Time: 146.5151	Loss: 0.1863	LearningRate 0.000154
Epoch: 34	Time: 145.8669	Loss: 0.1857	LearningRate 0.000151
Epoch: 35	Time: 145.7004	Loss: 0.1854	LearningRate 0.000148
Epoch: 36	Time: 145.8577	Loss: 0.1853	LearningRate 0.000146
Epoch: 37	Time: 146.0846	Loss: 0.1848	LearningRate 0.000143
Epoch: 38	Time: 145.7102	Loss: 0.1844	LearningRate 0.000140
Epoch: 39	Time: 145.6926	Loss: 0.1838	LearningRate 0.000137
Epoch: 40	Time: 145.7504	Loss: 0.1839	LearningRate 0.000134
Epoch: 41	Time: 145.9485	Loss: 0.1831	LearningRate 0.000131
Epoch: 42	Time: 145.5839	Loss: 0.1830	LearningRate 0.000128
Epoch: 43	Time: 145.8523	Loss: 0.1823	LearningRate 0.000125
Epoch: 44	Time: 145.5485	Loss: 0.1820	LearningRate 0.000121
Epoch: 45	Time: 146.2153	Loss: 0.1813	LearningRate 0.000118
Epoch: 46	Time: 145.6598	Loss: 0.1806	LearningRate 0.000115
Epoch: 47	Time: 145.8308	Loss: 0.1803	LearningRate 0.000112
Epoch: 48	Time: 145.8522	Loss: 0.1797	LearningRate 0.000109
Epoch: 49	Time: 146.1791	Loss: 0.1791	LearningRate 0.000105
Epoch: 50	Time: 145.5559	Loss: 0.1787	LearningRate 0.000102
Epoch: 51	Time: 145.5827	Loss: 0.1789	LearningRate 0.000099
Epoch: 52	Time: 145.7648	Loss: 0.1781	LearningRate 0.000096
Epoch: 53	Time: 145.8422	Loss: 0.1775	LearningRate 0.000093
Epoch: 54	Time: 145.7511	Loss: 0.1771	LearningRate 0.000089
Epoch: 55	Time: 146.1193	Loss: 0.1768	LearningRate 0.000086
Epoch: 56	Time: 145.7850	Loss: 0.1767	LearningRate 0.000083
Epoch: 57	Time: 145.3908	Loss: 0.1763	LearningRate 0.000080
Epoch: 58	Time: 144.8656	Loss: 0.1756	LearningRate 0.000077
Epoch: 59	Time: 145.0529	Loss: 0.1756	LearningRate 0.000074
Epoch: 60	Time: 144.6696	Loss: 0.1750	LearningRate 0.000070
Epoch: 61	Time: 144.8257	Loss: 0.1746	LearningRate 0.000067
Epoch: 62	Time: 144.6293	Loss: 0.1742	LearningRate 0.000064
Epoch: 63	Time: 144.6350	Loss: 0.1739	LearningRate 0.000061
Epoch: 64	Time: 144.8465	Loss: 0.1736	LearningRate 0.000058
Epoch: 65	Time: 145.3128	Loss: 0.1731	LearningRate 0.000056
Epoch: 66	Time: 231.5635	Loss: 0.1728	LearningRate 0.000053
Epoch: 67	Time: 247.1617	Loss: 0.1722	LearningRate 0.000050
Epoch: 68	Time: 245.9887	Loss: 0.1723	LearningRate 0.000047
Epoch: 69	Time: 246.5548	Loss: 0.1719	LearningRate 0.000044
Epoch: 70	Time: 247.9842	Loss: 0.1715	LearningRate 0.000042
Epoch: 71	Time: 245.4069	Loss: 0.1714	LearningRate 0.000039
Epoch: 72	Time: 247.6673	Loss: 0.1711	LearningRate 0.000037
Epoch: 73	Time: 245.8748	Loss: 0.1706	LearningRate 0.000034
Epoch: 74	Time: 246.7391	Loss: 0.1706	LearningRate 0.000032
Epoch: 75	Time: 246.0876	Loss: 0.1704	LearningRate 0.000030
Epoch: 76	Time: 247.3630	Loss: 0.1700	LearningRate 0.000027
Epoch: 77	Time: 247.6243	Loss: 0.1699	LearningRate 0.000025
Epoch: 78	Time: 246.6043	Loss: 0.1697	LearningRate 0.000023
Epoch: 79	Time: 247.3018	Loss: 0.1695	LearningRate 0.000021
Epoch: 80	Time: 246.3709	Loss: 0.1693	LearningRate 0.000019
Epoch: 81	Time: 247.2593	Loss: 0.1691	LearningRate 0.000018
Epoch: 82	Time: 247.9531	Loss: 0.1688	LearningRate 0.000016
Epoch: 83	Time: 246.2327	Loss: 0.1688	LearningRate 0.000014
Epoch: 84	Time: 247.3622	Loss: 0.1686	LearningRate 0.000013
Epoch: 85	Time: 245.9750	Loss: 0.1685	LearningRate 0.000011
Epoch: 86	Time: 246.6440	Loss: 0.1683	LearningRate 0.000010
Epoch: 87	Time: 247.0259	Loss: 0.1682	LearningRate 0.000009
Epoch: 88	Time: 246.0343	Loss: 0.1680	LearningRate 0.000007
Epoch: 89	Time: 248.0118	Loss: 0.1679	LearningRate 0.000006
Epoch: 90	Time: 246.2366	Loss: 0.1679	LearningRate 0.000005
Epoch: 91	Time: 247.6785	Loss: 0.1677	LearningRate 0.000004
Epoch: 92	Time: 246.2805	Loss: 0.1676	LearningRate 0.000004
Epoch: 93	Time: 247.5632	Loss: 0.1676	LearningRate 0.000003
Epoch: 94	Time: 247.7581	Loss: 0.1677	LearningRate 0.000002
Epoch: 95	Time: 246.3731	Loss: 0.1677	LearningRate 0.000002
Epoch: 96	Time: 247.9279	Loss: 0.1674	LearningRate 0.000002
Epoch: 97	Time: 247.0800	Loss: 0.1675	LearningRate 0.000001
Epoch: 98	Time: 247.7076	Loss: 0.1675	LearningRate 0.000001
Epoch: 99	Time: 248.3139	Loss: 0.1673	LearningRate 0.000001
Epoch: 100	Time: 247.0429	Loss: 0.1673	LearningRate 0.000001
