Epoch: 1	Time: 42.0310	Loss: 0.2925	LearningRate 0.000133
Epoch: 2	Time: 33.5280	Loss: 0.2615	LearningRate 0.000200
Epoch: 3	Time: 33.8398	Loss: 0.2557	LearningRate 0.000200
Epoch: 1	Time: 41.8916	Loss: 0.2680	LearningRate 0.000133
Epoch: 2	Time: 37.3061	Loss: 0.2529	LearningRate 0.000200
Epoch: 3	Time: 37.8282	Loss: 0.2138	LearningRate 0.000200
Epoch: 4	Time: 37.5490	Loss: 0.1909	LearningRate 0.000200
Epoch: 5	Time: 37.3217	Loss: 0.1824	LearningRate 0.000200
Epoch: 6	Time: 37.5187	Loss: 0.1778	LearningRate 0.000199
Epoch: 7	Time: 36.9890	Loss: 0.1741	LearningRate 0.000199
Epoch: 8	Time: 37.5061	Loss: 0.1678	LearningRate 0.000198
Epoch: 9	Time: 37.3808	Loss: 0.1684	LearningRate 0.000198
Epoch: 10	Time: 37.2789	Loss: 0.1643	LearningRate 0.000197
Epoch: 11	Time: 37.6085	Loss: 0.1596	LearningRate 0.000196
Epoch: 12	Time: 37.6183	Loss: 0.1604	LearningRate 0.000195
Epoch: 13	Time: 37.2594	Loss: 0.1571	LearningRate 0.000194
Epoch: 14	Time: 37.3297	Loss: 0.1568	LearningRate 0.000193
Epoch: 15	Time: 37.4167	Loss: 0.1553	LearningRate 0.000191
Epoch: 16	Time: 37.5355	Loss: 0.1549	LearningRate 0.000190
Epoch: 17	Time: 36.9407	Loss: 0.1545	LearningRate 0.000189
Epoch: 18	Time: 37.1783	Loss: 0.1516	LearningRate 0.000187
Epoch: 19	Time: 37.2185	Loss: 0.1514	LearningRate 0.000185
Epoch: 20	Time: 37.2076	Loss: 0.1526	LearningRate 0.000184
Epoch: 21	Time: 37.4081	Loss: 0.1495	LearningRate 0.000182
Epoch: 22	Time: 37.6148	Loss: 0.1499	LearningRate 0.000180
Epoch: 23	Time: 37.1495	Loss: 0.1481	LearningRate 0.000178
Epoch: 24	Time: 37.6702	Loss: 0.1497	LearningRate 0.000176
Epoch: 25	Time: 37.2698	Loss: 0.1472	LearningRate 0.000174
Epoch: 26	Time: 37.0411	Loss: 0.1501	LearningRate 0.000172
Epoch: 27	Time: 37.0887	Loss: 0.1467	LearningRate 0.000169
Epoch: 28	Time: 37.3514	Loss: 0.1461	LearningRate 0.000167
Epoch: 29	Time: 37.4295	Loss: 0.1480	LearningRate 0.000164
Epoch: 30	Time: 37.2658	Loss: 0.1461	LearningRate 0.000162
Epoch: 31	Time: 37.4809	Loss: 0.1452	LearningRate 0.000159
Epoch: 32	Time: 37.1981	Loss: 0.1456	LearningRate 0.000157
Epoch: 33	Time: 37.2799	Loss: 0.1433	LearningRate 0.000154
Epoch: 34	Time: 37.4823	Loss: 0.1433	LearningRate 0.000151
Epoch: 35	Time: 37.3270	Loss: 0.1441	LearningRate 0.000148
Epoch: 36	Time: 37.1823	Loss: 0.1421	LearningRate 0.000146
Epoch: 37	Time: 37.6011	Loss: 0.1429	LearningRate 0.000143
Epoch: 38	Time: 37.1348	Loss: 0.1413	LearningRate 0.000140
Epoch: 39	Time: 37.1984	Loss: 0.1412	LearningRate 0.000137
Epoch: 40	Time: 37.3754	Loss: 0.1422	LearningRate 0.000134
Epoch: 41	Time: 37.4734	Loss: 0.1416	LearningRate 0.000131
Epoch: 42	Time: 37.3238	Loss: 0.1407	LearningRate 0.000128
Epoch: 43	Time: 37.1999	Loss: 0.1390	LearningRate 0.000125
Epoch: 44	Time: 37.4539	Loss: 0.1378	LearningRate 0.000121
Epoch: 45	Time: 37.3162	Loss: 0.1404	LearningRate 0.000118
Epoch: 46	Time: 37.5809	Loss: 0.1389	LearningRate 0.000115
Epoch: 47	Time: 37.4967	Loss: 0.1371	LearningRate 0.000112
Epoch: 48	Time: 37.4721	Loss: 0.1372	LearningRate 0.000109
Epoch: 49	Time: 37.0708	Loss: 0.1382	LearningRate 0.000105
Epoch: 50	Time: 37.5452	Loss: 0.1382	LearningRate 0.000102
Epoch: 51	Time: 37.3580	Loss: 0.1368	LearningRate 0.000099
Epoch: 52	Time: 37.3674	Loss: 0.1372	LearningRate 0.000096
Epoch: 53	Time: 37.0405	Loss: 0.1357	LearningRate 0.000093
Epoch: 54	Time: 37.1393	Loss: 0.1351	LearningRate 0.000089
Epoch: 55	Time: 37.0218	Loss: 0.1362	LearningRate 0.000086
Epoch: 56	Time: 37.3201	Loss: 0.1355	LearningRate 0.000083
Epoch: 57	Time: 37.0677	Loss: 0.1362	LearningRate 0.000080
Epoch: 58	Time: 37.1514	Loss: 0.1344	LearningRate 0.000077
Epoch: 59	Time: 37.2843	Loss: 0.1344	LearningRate 0.000074
Epoch: 60	Time: 37.2164	Loss: 0.1354	LearningRate 0.000070
Epoch: 61	Time: 37.0432	Loss: 0.1351	LearningRate 0.000067
Epoch: 62	Time: 37.6112	Loss: 0.1336	LearningRate 0.000064
Epoch: 63	Time: 37.3550	Loss: 0.1331	LearningRate 0.000061
Epoch: 64	Time: 37.0845	Loss: 0.1340	LearningRate 0.000058
Epoch: 65	Time: 37.6746	Loss: 0.1317	LearningRate 0.000056
Epoch: 66	Time: 37.0960	Loss: 0.1335	LearningRate 0.000053
Epoch: 67	Time: 37.4761	Loss: 0.1331	LearningRate 0.000050
Epoch: 68	Time: 37.4060	Loss: 0.1326	LearningRate 0.000047
Epoch: 69	Time: 37.3607	Loss: 0.1308	LearningRate 0.000044
Epoch: 70	Time: 37.4695	Loss: 0.1313	LearningRate 0.000042
Epoch: 71	Time: 37.5620	Loss: 0.1308	LearningRate 0.000039
Epoch: 72	Time: 37.3689	Loss: 0.1308	LearningRate 0.000037
Epoch: 73	Time: 37.1496	Loss: 0.1310	LearningRate 0.000034
Epoch: 74	Time: 37.1520	Loss: 0.1296	LearningRate 0.000032
Epoch: 75	Time: 37.8552	Loss: 0.1310	LearningRate 0.000030
Epoch: 76	Time: 37.5984	Loss: 0.1302	LearningRate 0.000027
Epoch: 77	Time: 37.1118	Loss: 0.1285	LearningRate 0.000025
Epoch: 78	Time: 37.2519	Loss: 0.1301	LearningRate 0.000023
Epoch: 79	Time: 37.6399	Loss: 0.1285	LearningRate 0.000021
Epoch: 80	Time: 37.2790	Loss: 0.1280	LearningRate 0.000019
Epoch: 81	Time: 37.3256	Loss: 0.1268	LearningRate 0.000018
Epoch: 82	Time: 37.4108	Loss: 0.1283	LearningRate 0.000016
Epoch: 83	Time: 37.4188	Loss: 0.1286	LearningRate 0.000014
Epoch: 84	Time: 37.5311	Loss: 0.1289	LearningRate 0.000013
Epoch: 85	Time: 37.1225	Loss: 0.1285	LearningRate 0.000011
Epoch: 86	Time: 37.3360	Loss: 0.1284	LearningRate 0.000010
Epoch: 87	Time: 37.7738	Loss: 0.1283	LearningRate 0.000009
Epoch: 88	Time: 37.6179	Loss: 0.1275	LearningRate 0.000007
Epoch: 89	Time: 37.8173	Loss: 0.1268	LearningRate 0.000006
Epoch: 90	Time: 37.1122	Loss: 0.1274	LearningRate 0.000005
Epoch: 91	Time: 37.0604	Loss: 0.1268	LearningRate 0.000004
Epoch: 92	Time: 37.4033	Loss: 0.1270	LearningRate 0.000004
Epoch: 93	Time: 37.3639	Loss: 0.1258	LearningRate 0.000003
Epoch: 94	Time: 37.4087	Loss: 0.1269	LearningRate 0.000002
Epoch: 95	Time: 37.1217	Loss: 0.1257	LearningRate 0.000002
Epoch: 96	Time: 37.5024	Loss: 0.1259	LearningRate 0.000002
Epoch: 97	Time: 37.1938	Loss: 0.1266	LearningRate 0.000001
Epoch: 98	Time: 37.4307	Loss: 0.1268	LearningRate 0.000001
Epoch: 99	Time: 37.1773	Loss: 0.1270	LearningRate 0.000001
Epoch: 100	Time: 37.2752	Loss: 0.1272	LearningRate 0.000001
Epoch: 1	Time: 41.7376	Loss: 0.2681	LearningRate 0.000133
Epoch: 2	Time: 37.2330	Loss: 0.2537	LearningRate 0.000200
Epoch: 3	Time: 37.4791	Loss: 0.2160	LearningRate 0.000200
Epoch: 4	Time: 37.2798	Loss: 0.1916	LearningRate 0.000200
Epoch: 5	Time: 37.4488	Loss: 0.1825	LearningRate 0.000200
Epoch: 6	Time: 37.4923	Loss: 0.1772	LearningRate 0.000200
Epoch: 7	Time: 37.2959	Loss: 0.1740	LearningRate 0.000200
Epoch: 8	Time: 37.6543	Loss: 0.1677	LearningRate 0.000200
Epoch: 9	Time: 37.3513	Loss: 0.1685	LearningRate 0.000200
Epoch: 10	Time: 37.5964	Loss: 0.1646	LearningRate 0.000200
Epoch: 11	Time: 37.5677	Loss: 0.1600	LearningRate 0.000200
Epoch: 12	Time: 37.6821	Loss: 0.1602	LearningRate 0.000199
Epoch: 13	Time: 37.4446	Loss: 0.1572	LearningRate 0.000199
Epoch: 14	Time: 37.3517	Loss: 0.1567	LearningRate 0.000199
Epoch: 15	Time: 37.5882	Loss: 0.1552	LearningRate 0.000199
Epoch: 16	Time: 37.7272	Loss: 0.1548	LearningRate 0.000199
Epoch: 17	Time: 37.3254	Loss: 0.1543	LearningRate 0.000199
Epoch: 18	Time: 37.3643	Loss: 0.1520	LearningRate 0.000199
Epoch: 19	Time: 37.3517	Loss: 0.1514	LearningRate 0.000198
Epoch: 20	Time: 37.4393	Loss: 0.1529	LearningRate 0.000198
Epoch: 21	Time: 37.5035	Loss: 0.1495	LearningRate 0.000198
Epoch: 22	Time: 37.5975	Loss: 0.1503	LearningRate 0.000198
Epoch: 23	Time: 37.2962	Loss: 0.1480	LearningRate 0.000198
Epoch: 24	Time: 37.5450	Loss: 0.1500	LearningRate 0.000197
Epoch: 25	Time: 37.4325	Loss: 0.1478	LearningRate 0.000197
Epoch: 26	Time: 37.3045	Loss: 0.1501	LearningRate 0.000197
Epoch: 27	Time: 37.3765	Loss: 0.1471	LearningRate 0.000197
Epoch: 28	Time: 37.5000	Loss: 0.1465	LearningRate 0.000196
Epoch: 29	Time: 37.6891	Loss: 0.1486	LearningRate 0.000196
Epoch: 30	Time: 37.5667	Loss: 0.1470	LearningRate 0.000196
Epoch: 31	Time: 37.5979	Loss: 0.1461	LearningRate 0.000195
Epoch: 32	Time: 37.4695	Loss: 0.1466	LearningRate 0.000195
Epoch: 33	Time: 37.6370	Loss: 0.1442	LearningRate 0.000195
Epoch: 34	Time: 37.6753	Loss: 0.1445	LearningRate 0.000194
Epoch: 35	Time: 37.5603	Loss: 0.1448	LearningRate 0.000194
Epoch: 36	Time: 37.3649	Loss: 0.1433	LearningRate 0.000194
Epoch: 37	Time: 37.8416	Loss: 0.1443	LearningRate 0.000193
Epoch: 38	Time: 37.4333	Loss: 0.1427	LearningRate 0.000193
Epoch: 39	Time: 37.5095	Loss: 0.1427	LearningRate 0.000192
Epoch: 40	Time: 37.6847	Loss: 0.1437	LearningRate 0.000192
Epoch: 41	Time: 37.4200	Loss: 0.1434	LearningRate 0.000192
Epoch: 42	Time: 37.4680	Loss: 0.1429	LearningRate 0.000191
Epoch: 43	Time: 37.4522	Loss: 0.1409	LearningRate 0.000191
Epoch: 44	Time: 37.6629	Loss: 0.1398	LearningRate 0.000190
Epoch: 45	Time: 37.4816	Loss: 0.1427	LearningRate 0.000190
Epoch: 46	Time: 37.6952	Loss: 0.1417	LearningRate 0.000189
Epoch: 47	Time: 37.6252	Loss: 0.1401	LearningRate 0.000189
Epoch: 48	Time: 37.6550	Loss: 0.1398	LearningRate 0.000188
Epoch: 49	Time: 37.4537	Loss: 0.1409	LearningRate 0.000188
Epoch: 50	Time: 37.8962	Loss: 0.1409	LearningRate 0.000187
Epoch: 51	Time: 37.5035	Loss: 0.1396	LearningRate 0.000187
Epoch: 52	Time: 37.5760	Loss: 0.1402	LearningRate 0.000186
Epoch: 53	Time: 37.3098	Loss: 0.1384	LearningRate 0.000186
Epoch: 54	Time: 37.3788	Loss: 0.1385	LearningRate 0.000185
Epoch: 55	Time: 37.3734	Loss: 0.1394	LearningRate 0.000185
Epoch: 56	Time: 37.7093	Loss: 0.1384	LearningRate 0.000184
Epoch: 57	Time: 37.1375	Loss: 0.1391	LearningRate 0.000184
Epoch: 58	Time: 37.3319	Loss: 0.1378	LearningRate 0.000183
Epoch: 59	Time: 37.2971	Loss: 0.1381	LearningRate 0.000182
Epoch: 60	Time: 37.3620	Loss: 0.1389	LearningRate 0.000182
Epoch: 61	Time: 37.3245	Loss: 0.1389	LearningRate 0.000181
Epoch: 62	Time: 37.8888	Loss: 0.1375	LearningRate 0.000181
Epoch: 63	Time: 37.4349	Loss: 0.1376	LearningRate 0.000180
Epoch: 64	Time: 37.3025	Loss: 0.1378	LearningRate 0.000179
Epoch: 65	Time: 37.6814	Loss: 0.1361	LearningRate 0.000179
Epoch: 66	Time: 37.2073	Loss: 0.1379	LearningRate 0.000178
Epoch: 67	Time: 37.7870	Loss: 0.1373	LearningRate 0.000177
Epoch: 68	Time: 37.4881	Loss: 0.1368	LearningRate 0.000177
Epoch: 69	Time: 37.4935	Loss: 0.1356	LearningRate 0.000176
Epoch: 70	Time: 37.3167	Loss: 0.1370	LearningRate 0.000175
Epoch: 71	Time: 37.2636	Loss: 0.1352	LearningRate 0.000175
Epoch: 72	Time: 37.6073	Loss: 0.1358	LearningRate 0.000174
Epoch: 73	Time: 37.1412	Loss: 0.1356	LearningRate 0.000173
Epoch: 74	Time: 37.2886	Loss: 0.1350	LearningRate 0.000173
Epoch: 75	Time: 37.7077	Loss: 0.1357	LearningRate 0.000172
Epoch: 76	Time: 37.4527	Loss: 0.1351	LearningRate 0.000171
Epoch: 77	Time: 37.1862	Loss: 0.1339	LearningRate 0.000170
Epoch: 78	Time: 37.3282	Loss: 0.1348	LearningRate 0.000170
Epoch: 79	Time: 37.8367	Loss: 0.1341	LearningRate 0.000169
Epoch: 80	Time: 37.6593	Loss: 0.1340	LearningRate 0.000168
Epoch: 81	Time: 37.5463	Loss: 0.1324	LearningRate 0.000167
Epoch: 82	Time: 37.3428	Loss: 0.1348	LearningRate 0.000166
Epoch: 83	Time: 37.5951	Loss: 0.1346	LearningRate 0.000166
Epoch: 84	Time: 37.5461	Loss: 0.1347	LearningRate 0.000165
Epoch: 85	Time: 37.1411	Loss: 0.1348	LearningRate 0.000164
Epoch: 86	Time: 37.3983	Loss: 0.1343	LearningRate 0.000163
Epoch: 87	Time: 37.6717	Loss: 0.1341	LearningRate 0.000162
Epoch: 88	Time: 37.5270	Loss: 0.1335	LearningRate 0.000162
Epoch: 89	Time: 37.8292	Loss: 0.1328	LearningRate 0.000161
Epoch: 90	Time: 37.2655	Loss: 0.1327	LearningRate 0.000160
Epoch: 91	Time: 37.1322	Loss: 0.1336	LearningRate 0.000159
Epoch: 92	Time: 37.3095	Loss: 0.1329	LearningRate 0.000158
Epoch: 93	Time: 37.3665	Loss: 0.1322	LearningRate 0.000157
Epoch: 94	Time: 37.7519	Loss: 0.1326	LearningRate 0.000156
Epoch: 95	Time: 37.3128	Loss: 0.1315	LearningRate 0.000156
Epoch: 96	Time: 37.4410	Loss: 0.1319	LearningRate 0.000155
Epoch: 97	Time: 37.2410	Loss: 0.1326	LearningRate 0.000154
Epoch: 98	Time: 37.5051	Loss: 0.1323	LearningRate 0.000153
Epoch: 99	Time: 37.2357	Loss: 0.1330	LearningRate 0.000152
Epoch: 100	Time: 37.1622	Loss: 0.1318	LearningRate 0.000151
Epoch: 101	Time: 37.5031	Loss: 0.1319	LearningRate 0.000150
Epoch: 102	Time: 37.4467	Loss: 0.1316	LearningRate 0.000149
Epoch: 103	Time: 37.3583	Loss: 0.1327	LearningRate 0.000148
Epoch: 104	Time: 37.2869	Loss: 0.1308	LearningRate 0.000148
Epoch: 105	Time: 37.2982	Loss: 0.1313	LearningRate 0.000147
Epoch: 106	Time: 37.2024	Loss: 0.1320	LearningRate 0.000146
Epoch: 107	Time: 37.4318	Loss: 0.1312	LearningRate 0.000145
Epoch: 108	Time: 37.2697	Loss: 0.1305	LearningRate 0.000144
Epoch: 109	Time: 37.4286	Loss: 0.1290	LearningRate 0.000143
Epoch: 110	Time: 37.2574	Loss: 0.1317	LearningRate 0.000142
Epoch: 111	Time: 37.7371	Loss: 0.1309	LearningRate 0.000141
Epoch: 112	Time: 37.3126	Loss: 0.1312	LearningRate 0.000140
Epoch: 113	Time: 37.3250	Loss: 0.1299	LearningRate 0.000139
Epoch: 114	Time: 37.5715	Loss: 0.1305	LearningRate 0.000138
Epoch: 115	Time: 37.3361	Loss: 0.1290	LearningRate 0.000137
Epoch: 116	Time: 37.4609	Loss: 0.1298	LearningRate 0.000136
Epoch: 117	Time: 37.4113	Loss: 0.1299	LearningRate 0.000135
Epoch: 118	Time: 37.3651	Loss: 0.1311	LearningRate 0.000134
Epoch: 119	Time: 37.3788	Loss: 0.1304	LearningRate 0.000133
Epoch: 120	Time: 37.4855	Loss: 0.1283	LearningRate 0.000132
Epoch: 121	Time: 37.3549	Loss: 0.1292	LearningRate 0.000131
Epoch: 122	Time: 37.7989	Loss: 0.1281	LearningRate 0.000130
Epoch: 123	Time: 37.3106	Loss: 0.1289	LearningRate 0.000129
Epoch: 124	Time: 37.6755	Loss: 0.1280	LearningRate 0.000128
Epoch: 125	Time: 37.3465	Loss: 0.1304	LearningRate 0.000127
Epoch: 126	Time: 37.6572	Loss: 0.1288	LearningRate 0.000126
Epoch: 127	Time: 37.8140	Loss: 0.1304	LearningRate 0.000125
Epoch: 128	Time: 37.4867	Loss: 0.1290	LearningRate 0.000124
Epoch: 129	Time: 37.2272	Loss: 0.1294	LearningRate 0.000123
Epoch: 130	Time: 37.4891	Loss: 0.1293	LearningRate 0.000122
Epoch: 131	Time: 37.4804	Loss: 0.1297	LearningRate 0.000121
Epoch: 132	Time: 37.2612	Loss: 0.1286	LearningRate 0.000120
Epoch: 133	Time: 37.4491	Loss: 0.1278	LearningRate 0.000119
Epoch: 134	Time: 37.4943	Loss: 0.1288	LearningRate 0.000118
Epoch: 135	Time: 37.7997	Loss: 0.1265	LearningRate 0.000117
Epoch: 136	Time: 37.5366	Loss: 0.1266	LearningRate 0.000116
Epoch: 137	Time: 37.4804	Loss: 0.1277	LearningRate 0.000115
Epoch: 138	Time: 37.6705	Loss: 0.1264	LearningRate 0.000114
Epoch: 139	Time: 37.5368	Loss: 0.1275	LearningRate 0.000113
Epoch: 140	Time: 37.7726	Loss: 0.1275	LearningRate 0.000112
Epoch: 141	Time: 37.5102	Loss: 0.1277	LearningRate 0.000110
Epoch: 142	Time: 37.7176	Loss: 0.1273	LearningRate 0.000109
Epoch: 143	Time: 37.5887	Loss: 0.1266	LearningRate 0.000108
Epoch: 144	Time: 37.4894	Loss: 0.1257	LearningRate 0.000107
Epoch: 145	Time: 37.4900	Loss: 0.1249	LearningRate 0.000106
Epoch: 146	Time: 37.3874	Loss: 0.1260	LearningRate 0.000105
Epoch: 147	Time: 37.9128	Loss: 0.1285	LearningRate 0.000104
Epoch: 148	Time: 37.4195	Loss: 0.1262	LearningRate 0.000103
Epoch: 149	Time: 37.4830	Loss: 0.1261	LearningRate 0.000102
Epoch: 150	Time: 37.3945	Loss: 0.1251	LearningRate 0.000101
Epoch: 151	Time: 37.7780	Loss: 0.1261	LearningRate 0.000100
Epoch: 152	Time: 37.5627	Loss: 0.1252	LearningRate 0.000099
Epoch: 153	Time: 37.1491	Loss: 0.1248	LearningRate 0.000098
Epoch: 154	Time: 37.5606	Loss: 0.1266	LearningRate 0.000097
Epoch: 155	Time: 37.5962	Loss: 0.1239	LearningRate 0.000096
Epoch: 156	Time: 37.2961	Loss: 0.1252	LearningRate 0.000095
Epoch: 157	Time: 37.6876	Loss: 0.1256	LearningRate 0.000094
Epoch: 158	Time: 37.7631	Loss: 0.1250	LearningRate 0.000093
Epoch: 159	Time: 37.5668	Loss: 0.1252	LearningRate 0.000092
Epoch: 160	Time: 37.5241	Loss: 0.1251	LearningRate 0.000091
Epoch: 161	Time: 37.4612	Loss: 0.1238	LearningRate 0.000089
Epoch: 162	Time: 37.5101	Loss: 0.1247	LearningRate 0.000088
Epoch: 163	Time: 37.4434	Loss: 0.1251	LearningRate 0.000087
Epoch: 164	Time: 37.4529	Loss: 0.1235	LearningRate 0.000086
Epoch: 165	Time: 37.5303	Loss: 0.1245	LearningRate 0.000085
Epoch: 166	Time: 37.3685	Loss: 0.1233	LearningRate 0.000084
Epoch: 167	Time: 37.6665	Loss: 0.1236	LearningRate 0.000083
Epoch: 168	Time: 37.2707	Loss: 0.1250	LearningRate 0.000082
Epoch: 169	Time: 37.3874	Loss: 0.1229	LearningRate 0.000081
Epoch: 170	Time: 37.7341	Loss: 0.1230	LearningRate 0.000080
Epoch: 171	Time: 37.5249	Loss: 0.1243	LearningRate 0.000079
Epoch: 172	Time: 37.5202	Loss: 0.1225	LearningRate 0.000078
Epoch: 173	Time: 37.4412	Loss: 0.1237	LearningRate 0.000077
Epoch: 174	Time: 37.3302	Loss: 0.1221	LearningRate 0.000076
Epoch: 175	Time: 37.2030	Loss: 0.1246	LearningRate 0.000075
Epoch: 176	Time: 37.3744	Loss: 0.1226	LearningRate 0.000074
Epoch: 177	Time: 37.5424	Loss: 0.1218	LearningRate 0.000073
Epoch: 178	Time: 37.2209	Loss: 0.1201	LearningRate 0.000072
Epoch: 179	Time: 37.3502	Loss: 0.1233	LearningRate 0.000071
Epoch: 180	Time: 37.5481	Loss: 0.1212	LearningRate 0.000070
Epoch: 181	Time: 37.5584	Loss: 0.1226	LearningRate 0.000069
Epoch: 182	Time: 37.7340	Loss: 0.1233	LearningRate 0.000068
Epoch: 183	Time: 37.5051	Loss: 0.1224	LearningRate 0.000067
Epoch: 184	Time: 37.1089	Loss: 0.1208	LearningRate 0.000066
Epoch: 185	Time: 37.4456	Loss: 0.1206	LearningRate 0.000065
Epoch: 186	Time: 37.3416	Loss: 0.1209	LearningRate 0.000064
Epoch: 187	Time: 37.2577	Loss: 0.1205	LearningRate 0.000063
Epoch: 188	Time: 37.4590	Loss: 0.1206	LearningRate 0.000062
Epoch: 189	Time: 37.6085	Loss: 0.1225	LearningRate 0.000061
Epoch: 190	Time: 37.1887	Loss: 0.1200	LearningRate 0.000060
Epoch: 191	Time: 37.4843	Loss: 0.1200	LearningRate 0.000059
Epoch: 192	Time: 37.3607	Loss: 0.1202	LearningRate 0.000058
Epoch: 193	Time: 37.5445	Loss: 0.1189	LearningRate 0.000057
Epoch: 194	Time: 37.2843	Loss: 0.1210	LearningRate 0.000056
Epoch: 195	Time: 37.2308	Loss: 0.1213	LearningRate 0.000055
Epoch: 196	Time: 37.6086	Loss: 0.1229	LearningRate 0.000054
Epoch: 197	Time: 37.4960	Loss: 0.1199	LearningRate 0.000054
Epoch: 198	Time: 37.4236	Loss: 0.1213	LearningRate 0.000053
Epoch: 199	Time: 37.1166	Loss: 0.1204	LearningRate 0.000052
Epoch: 200	Time: 37.1593	Loss: 0.1198	LearningRate 0.000051
Epoch: 201	Time: 37.3256	Loss: 0.1196	LearningRate 0.000050
Epoch: 202	Time: 37.1134	Loss: 0.1198	LearningRate 0.000049
Epoch: 203	Time: 37.3863	Loss: 0.1201	LearningRate 0.000048
Epoch: 204	Time: 37.5661	Loss: 0.1189	LearningRate 0.000047
Epoch: 205	Time: 37.2101	Loss: 0.1182	LearningRate 0.000046
Epoch: 206	Time: 37.0611	Loss: 0.1173	LearningRate 0.000045
Epoch: 207	Time: 37.2024	Loss: 0.1190	LearningRate 0.000045
Epoch: 208	Time: 37.6241	Loss: 0.1181	LearningRate 0.000044
Epoch: 209	Time: 37.7347	Loss: 0.1194	LearningRate 0.000043
Epoch: 210	Time: 37.2237	Loss: 0.1176	LearningRate 0.000042
Epoch: 211	Time: 37.2226	Loss: 0.1173	LearningRate 0.000041
Epoch: 212	Time: 37.2728	Loss: 0.1183	LearningRate 0.000040
Epoch: 213	Time: 37.5224	Loss: 0.1175	LearningRate 0.000039
Epoch: 214	Time: 37.5168	Loss: 0.1172	LearningRate 0.000039
Epoch: 215	Time: 37.3970	Loss: 0.1178	LearningRate 0.000038
Epoch: 216	Time: 37.1751	Loss: 0.1167	LearningRate 0.000037
Epoch: 217	Time: 37.3402	Loss: 0.1156	LearningRate 0.000036
Epoch: 218	Time: 37.2740	Loss: 0.1161	LearningRate 0.000035
Epoch: 219	Time: 37.3624	Loss: 0.1162	LearningRate 0.000035
Epoch: 220	Time: 37.4263	Loss: 0.1179	LearningRate 0.000034
Epoch: 221	Time: 37.3546	Loss: 0.1151	LearningRate 0.000033
Epoch: 222	Time: 37.3950	Loss: 0.1164	LearningRate 0.000032
Epoch: 223	Time: 37.3337	Loss: 0.1172	LearningRate 0.000031
Epoch: 224	Time: 37.4938	Loss: 0.1161	LearningRate 0.000031
Epoch: 225	Time: 37.3458	Loss: 0.1160	LearningRate 0.000030
Epoch: 226	Time: 37.3498	Loss: 0.1146	LearningRate 0.000029
Epoch: 227	Time: 37.7171	Loss: 0.1163	LearningRate 0.000028
Epoch: 228	Time: 37.2705	Loss: 0.1154	LearningRate 0.000028
Epoch: 229	Time: 37.6339	Loss: 0.1164	LearningRate 0.000027
Epoch: 230	Time: 37.5891	Loss: 0.1148	LearningRate 0.000026
Epoch: 231	Time: 37.4267	Loss: 0.1155	LearningRate 0.000026
Epoch: 232	Time: 37.5268	Loss: 0.1136	LearningRate 0.000025
Epoch: 233	Time: 37.3284	Loss: 0.1156	LearningRate 0.000024
Epoch: 234	Time: 37.6160	Loss: 0.1148	LearningRate 0.000024
Epoch: 235	Time: 37.2094	Loss: 0.1143	LearningRate 0.000023
Epoch: 236	Time: 37.4677	Loss: 0.1135	LearningRate 0.000022
Epoch: 237	Time: 37.3175	Loss: 0.1138	LearningRate 0.000022
Epoch: 238	Time: 37.4316	Loss: 0.1160	LearningRate 0.000021
Epoch: 239	Time: 37.3389	Loss: 0.1154	LearningRate 0.000020
Epoch: 240	Time: 37.3096	Loss: 0.1139	LearningRate 0.000020
Epoch: 241	Time: 37.5695	Loss: 0.1138	LearningRate 0.000019
Epoch: 242	Time: 37.4960	Loss: 0.1141	LearningRate 0.000019
Epoch: 243	Time: 37.5875	Loss: 0.1135	LearningRate 0.000018
Epoch: 244	Time: 37.5689	Loss: 0.1128	LearningRate 0.000017
Epoch: 245	Time: 37.3003	Loss: 0.1148	LearningRate 0.000017
Epoch: 246	Time: 37.2803	Loss: 0.1130	LearningRate 0.000016
Epoch: 247	Time: 37.4325	Loss: 0.1118	LearningRate 0.000016
Epoch: 248	Time: 37.3352	Loss: 0.1140	LearningRate 0.000015
Epoch: 249	Time: 37.2993	Loss: 0.1137	LearningRate 0.000015
Epoch: 250	Time: 37.5525	Loss: 0.1126	LearningRate 0.000014
Epoch: 251	Time: 37.4906	Loss: 0.1126	LearningRate 0.000014
Epoch: 252	Time: 37.6852	Loss: 0.1123	LearningRate 0.000013
Epoch: 253	Time: 37.7229	Loss: 0.1135	LearningRate 0.000013
Epoch: 254	Time: 37.2786	Loss: 0.1129	LearningRate 0.000012
Epoch: 255	Time: 37.3710	Loss: 0.1106	LearningRate 0.000012
Epoch: 256	Time: 37.3634	Loss: 0.1127	LearningRate 0.000011
Epoch: 257	Time: 37.5103	Loss: 0.1116	LearningRate 0.000011
Epoch: 258	Time: 37.3217	Loss: 0.1132	LearningRate 0.000010
Epoch: 259	Time: 37.4991	Loss: 0.1114	LearningRate 0.000010
Epoch: 260	Time: 37.3523	Loss: 0.1126	LearningRate 0.000009
Epoch: 261	Time: 37.2582	Loss: 0.1125	LearningRate 0.000009
Epoch: 262	Time: 37.4314	Loss: 0.1107	LearningRate 0.000009
Epoch: 263	Time: 37.3560	Loss: 0.1108	LearningRate 0.000008
Epoch: 264	Time: 37.2360	Loss: 0.1116	LearningRate 0.000008
Epoch: 265	Time: 37.8871	Loss: 0.1127	LearningRate 0.000007
Epoch: 266	Time: 37.3602	Loss: 0.1113	LearningRate 0.000007
Epoch: 267	Time: 37.4854	Loss: 0.1114	LearningRate 0.000007
Epoch: 268	Time: 37.0914	Loss: 0.1114	LearningRate 0.000006
Epoch: 269	Time: 37.3780	Loss: 0.1099	LearningRate 0.000006
Epoch: 270	Time: 37.4701	Loss: 0.1122	LearningRate 0.000006
Epoch: 271	Time: 37.2575	Loss: 0.1111	LearningRate 0.000005
Epoch: 272	Time: 37.1005	Loss: 0.1101	LearningRate 0.000005
Epoch: 273	Time: 37.6175	Loss: 0.1108	LearningRate 0.000005
Epoch: 274	Time: 37.3786	Loss: 0.1110	LearningRate 0.000004
Epoch: 275	Time: 37.1085	Loss: 0.1112	LearningRate 0.000004
Epoch: 276	Time: 37.3643	Loss: 0.1115	LearningRate 0.000004
Epoch: 277	Time: 37.6023	Loss: 0.1114	LearningRate 0.000004
Epoch: 278	Time: 37.1424	Loss: 0.1097	LearningRate 0.000003
Epoch: 279	Time: 37.2635	Loss: 0.1105	LearningRate 0.000003
Epoch: 280	Time: 37.3696	Loss: 0.1110	LearningRate 0.000003
Epoch: 281	Time: 37.1784	Loss: 0.1116	LearningRate 0.000003
Epoch: 282	Time: 37.4602	Loss: 0.1106	LearningRate 0.000003
Epoch: 283	Time: 37.2444	Loss: 0.1106	LearningRate 0.000002
Epoch: 284	Time: 37.1110	Loss: 0.1086	LearningRate 0.000002
Epoch: 285	Time: 37.2845	Loss: 0.1108	LearningRate 0.000002
Epoch: 286	Time: 37.3053	Loss: 0.1107	LearningRate 0.000002
Epoch: 287	Time: 37.4122	Loss: 0.1112	LearningRate 0.000002
Epoch: 288	Time: 37.2362	Loss: 0.1108	LearningRate 0.000002
Epoch: 289	Time: 37.2628	Loss: 0.1092	LearningRate 0.000002
Epoch: 290	Time: 37.2647	Loss: 0.1111	LearningRate 0.000001
Epoch: 291	Time: 37.3656	Loss: 0.1103	LearningRate 0.000001
Epoch: 292	Time: 37.1017	Loss: 0.1104	LearningRate 0.000001
Epoch: 293	Time: 37.0899	Loss: 0.1094	LearningRate 0.000001
Epoch: 294	Time: 37.2519	Loss: 0.1098	LearningRate 0.000001
Epoch: 295	Time: 37.2866	Loss: 0.1095	LearningRate 0.000001
Epoch: 296	Time: 37.2058	Loss: 0.1093	LearningRate 0.000001
Epoch: 297	Time: 37.3009	Loss: 0.1093	LearningRate 0.000001
Epoch: 298	Time: 37.5252	Loss: 0.1084	LearningRate 0.000001
Epoch: 299	Time: 37.3840	Loss: 0.1094	LearningRate 0.000001
Epoch: 300	Time: 37.2453	Loss: 0.1094	LearningRate 0.000001
